// Jest Snapshot v1, https://goo.gl/fbAQLP

exports[`Let it display 1`] = `
<body>
  <div>
    <div
      class="display panel"
    >
      <div
        class="led red-led"
      >
        Locked
      </div>
      <div
        class="led red-led"
      >
        Closed
      </div>
    </div>
  </div>
</body>
`;
